// Vitest Snapshot v1, https://vitest.dev/guide/snapshot.html

exports[`NodePorts > basic > generates correct ports class 1`] = `
"class Ports(BaseNode.Ports):
    default_port = Port.on_else(None)
    if_port = Port.on_if(None)
    else_port = Port.on_else(None)
"
`;
