// Vitest Snapshot v1, https://vitest.dev/guide/snapshot.html

exports[`Json > write > should handle arrays 1`] = `
"[1, "test", True]
"
`;

exports[`Json > write > should handle booleans 1`] = `
"True
"
`;

exports[`Json > write > should handle booleans 2`] = `
"False
"
`;

exports[`Json > write > should handle complex nested structures 1`] = `
"{
    "id": "complex-123",
    "metadata": {
        "created": "2024-01-01",
        "modified": "2024-01-02",
        "tags": ["important", "test", "complex"],
    },
    "data": {
        "users": [
            {
                "id": 1,
                "name": "John Doe",
                "settings": {
                    "preferences": {"theme": "dark", "notifications": True},
                    "permissions": ["read", "write"],
                },
                "scores": [98.5, 87.2, 92],
            },
            {
                "id": 2,
                "name": "Jane Smith",
                "settings": {
                    "preferences": {"theme": "light", "notifications": False},
                    "permissions": ["read"],
                },
                "scores": [95, 88.5, 91.2],
            },
        ],
        "statistics": {
            "total": 2,
            "active": True,
            "averageScore": 92.07,
            "metadata": {
                "lastUpdated": "2024-01-02",
                "source": "system",
                "flags": [None, True, False],
            },
        },
    },
}
"
`;

exports[`Json > write > should handle floats 1`] = `
"3.14
"
`;

exports[`Json > write > should handle integers 1`] = `
"42
"
`;

exports[`Json > write > should handle nested structures 1`] = `
"{"array": [1, 2, 3], "nested": {"a": 1, "b": "test"}, "null": None}
"
`;

exports[`Json > write > should handle null values 1`] = `
"None
"
`;

exports[`Json > write > should handle objects 1`] = `
"{"key": "value", "num": 123}
"
`;

exports[`Json > write > should handle strings 1`] = `
""test string"
"
`;

exports[`Json > write > should handle undefined values 1`] = `
"None
"
`;
