// Vitest Snapshot v1, https://vitest.dev/guide/snapshot.html

exports[`NodeOutputPointer > should generate correct Python code 1`] = `"TestNode.Outputs.my_output"`;
