// Vitest Snapshot v1, https://vitest.dev/guide/snapshot.html

exports[`ExecutionCounterWorkflowReference > should generate correct AST for execution counter reference 1`] = `
"SearchNode.Execution.count
"
`;
