// Vitest Snapshot v1, https://vitest.dev/guide/snapshot.html

exports[`WorkflowInputReference > should generate correct AST for workflow input reference 1`] = `
"Inputs.test_variable
"
`;
